<html>
<body>
<pre>
<h1>µVision Build Log</h1>
<h2>Tool Versions:</h2>
IDE-Version: µVision V5.36.0.0
Copyright (C) 2021 ARM Ltd and ARM Germany GmbH. All rights reserved.
License Information: mohamed farid, -, LIC=----
 
Tool Versions:
Toolchain:       MDK-Lite  Version: 5.36.0.0
Toolchain Path:  D:\keil v5\core\ARM\ARMCLANG\Bin
C Compiler:      ArmClang.exe V6.16
Assembler:       Armasm.exe V6.16
Linker/Locator:  ArmLink.exe V6.16
Library Manager: ArmAr.exe V6.16
Hex Converter:   FromElf.exe V6.16
CPU DLL:         SARMCM3.DLL V5.36.0.0
Dialog DLL:      DCM.DLL V1.17.3.0
Target DLL:      lmidk-agdi.dll V???
Dialog DLL:      TCM.DLL V1.53.0.0
 
<h2>Project:</h2>
C:\Users\Mohamed Sherif\Desktop\lab8\Lab5.uvprojx
Project File Date:  06/05/2022

<h2>Output:</h2>
*** Using Compiler 'V6.16', folder: 'D:\keil v5\core\ARM\ARMCLANG\Bin'
Build target 'Target 1'
compiling main.c...
linking...
Program Size: Code=12096 RO-data=760 RW-data=8 ZI-data=9104  
".\Objects\Lab7.axf" - 0 Error(s), 0 Warning(s).

<h2>Software Packages used:</h2>

Package Vendor: ARM
                http://www.keil.com/pack/ARM.CMSIS.5.8.0.pack
                ARM.CMSIS.5.8.0
                CMSIS (Common Microcontroller Software Interface Standard)
   * Component: CORE Version: 5.5.0

Package Vendor: ARM
                http://www.keil.com/pack/ARM.CMSIS-FreeRTOS.10.4.6.pack
                ARM.CMSIS-FreeRTOS.10.4.6
                Bundle of FreeRTOS for Cortex-M and Cortex-A
   * Component: Config Variant: FreeRTOS Version: 10.4.6
   * Component: Core Variant: Cortex-M Version: 10.4.6
   * Component: Heap Variant: Heap_1 Version: 10.4.6

Package Vendor: Keil
                http://www.keil.com/pack/Keil.TM4C_DFP.1.1.0.pack
                Keil.TM4C_DFP.1.1.0
                Texas Instruments Tiva C Series Device Support and Examples
   * Component: Startup Version: 1.0.1

<h2>Collection of Component include folders:</h2>
  .\RTE\RTOS
  .\RTE\_Target_1
  D:\keil v5\pack\ARM\CMSIS-FreeRTOS\10.4.6\CMSIS\RTOS2\FreeRTOS\Include
  D:\keil v5\pack\ARM\CMSIS-FreeRTOS\10.4.6\Source\include
  D:\keil v5\pack\ARM\CMSIS-FreeRTOS\10.4.6\Source\portable\GCC\ARM_CM4F
  D:\keil v5\pack\ARM\CMSIS\5.8.0\CMSIS\Core\Include
  D:\keil v5\pack\Keil\TM4C_DFP\1.1.0\Device\Include\TM4C123

<h2>Collection of Component Files used:</h2>

   * Component: ARM.FreeRTOS::RTOS:Config:FreeRTOS:10.4.6
      Include file:  Config\ARMCM\FreeRTOSConfig.h

   * Component: ARM.FreeRTOS::RTOS:Core:Cortex-M:10.4.6
      Include file:  Source\include\queue.h
      Source file:   Source\tasks.c
      Include file:  Source\include\semphr.h
      Include file:  Source\include\task.h
      Include file:  Source\include\FreeRTOS.h
      Source file:   Source\list.c
      Source file:   Source\queue.c
      Source file:   Source\portable\GCC\ARM_CM4F\port.c
      Source file:   CMSIS\RTOS2\FreeRTOS\Source\freertos_evr.c

   * Component: ARM.FreeRTOS::RTOS:Heap:Heap_1:10.4.6
      Source file:   Source\portable\MemMang\heap_1.c

   * Component: ARM::CMSIS:CORE:5.5.0

   * Component: Keil::Device:Startup:1.0.1
      Source file:   Device\Source\ARM\startup_TM4C123.s
      Include file:  Device\Include\TM4C123\TM4C123.h
      Source file:   Device\Source\system_TM4C123.c
Build Time Elapsed:  00:00:01
</pre>
</body>
</html>
